// Jest Snapshot v1, https://goo.gl/fbAQLP

exports[`renders correctly 1`] = `
<header>
  <nav
    className="navbar"
  >
    <div
      className="logo"
    >
      <a
        href="/"
        onClick={[Function]}
      >
        KB
      </a>
    </div>
    <ul
      className="main-nav"
      id="js-menu"
    >
      <li>
        <a
          className="nav-links"
          href="/about"
          onClick={[Function]}
        >
          About
        </a>
      </li>
      <li>
        <a
          className="nav-links"
          href="/"
          onClick={[Function]}
        >
          Home
        </a>
      </li>
      <li>
        <a
          className="nav-links"
          href="/guestbook"
          onClick={[Function]}
        >
          Guestbook
        </a>
      </li>
      <li>
        <a
          className="nav-links"
          href="/addblog"
          onClick={[Function]}
        >
          Post
        </a>
      </li>
    </ul>
  </nav>
  <h1
    className="main-note"
  >
     
    Welcome to Koffeeblog! 
    <br />
    <br />
     What do you want to know about coffee?
  </h1>
  <h2>
    This page is about coffee! You can find information about coffee including types of coffee beans, drinks and brewing methods. You are more than welcome to post your own blogs to any of the categories if you want to make this website more informative.
  </h2>
</header>
`;
