// Jest Snapshot v1, https://goo.gl/fbAQLP

exports[`renders correctly 1`] = `
<div
  className="guest-post"
>
  <h3 />
  <p />
  <p />
</div>
`;
