// Jest Snapshot v1, https://goo.gl/fbAQLP

exports[`renders correctly 1`] = `
<footer
  className="footer"
>
  Welcome to 
  <a
    href="/"
  >
    Koffee Blog
  </a>
</footer>
`;
